2026-10-01 00:04:48,428 - INFO - 合成语音 (第1/1次): 测试蓄水池失败文本
2026-10-01 00:04:48,431 - WARNING - TTS合成失败或文件为空/残缺 (第1次): TypeError: object MagicMock can't be used in 'await' expression
2026-10-01 00:04:48,431 - ERROR - TTS合成最终失败，已重试 1 次
2026-09-30 10:50:00,000 - ERROR - 播报看门狗异常: unsupported format string passed to MagicMock.__format__
2026-09-30 10:50:00,000 - ERROR - 播报看门狗：准点 10:30 播报未完成（已间隔 4800s），最近 30 分钟内有 TTS 合成失败（疑似外部 TTS 服务异常），本轮只告警不重启，将持续监控
2026-09-30 22:45:00,000 - INFO - 看门狗：准点 22:30 在点名期间跳过，豁免
2026-09-30 10:50:00,000 - ERROR - 播报看门狗异常: unsupported format string passed to MagicMock.__format__
2026-09-30 10:50:00,000 - ERROR - 播报看门狗异常: unsupported format string passed to MagicMock.__format__
2026-10-01 00:05:45,682 - INFO - 合成语音 (第1/1次): 测试蓄水池失败文本
2026-10-01 00:05:45,687 - WARNING - TTS合成失败或文件为空/残缺 (第1次): TypeError: object MagicMock can't be used in 'await' expression
2026-10-01 00:05:45,687 - ERROR - TTS合成最终失败，已重试 1 次
2026-10-01 00:06:40,285 - INFO - 合成语音 (第1/1次): 测试蓄水池失败文本
2026-10-01 00:06:40,290 - WARNING - TTS合成失败或文件为空/残缺 (第1次): TypeError: object MagicMock can't be used in 'await' expression
2026-10-01 00:06:40,290 - ERROR - TTS合成最终失败，已重试 1 次
2026-09-30 10:50:00,000 - ERROR - 播报看门狗：准点 10:30 播报未完成（最近成功播报 09-30 10:00，已间隔 3000s），疑似调度器/链路假死，准备通知并自重启
2026-10-01 00:07:38,186 - INFO - 合成语音 (第1/1次): 测试蓄水池失败文本
2026-10-01 00:07:38,191 - WARNING - TTS合成失败或文件为空/残缺 (第1次): TypeError: object MagicMock can't be used in 'await' expression
2026-10-01 00:07:38,191 - ERROR - TTS合成最终失败，已重试 1 次
2026-09-30 10:50:00,000 - ERROR - 播报看门狗：准点 10:30 播报未完成（最近成功播报 09-30 10:00，已间隔 3000s），疑似调度器/链路假死，准备通知并自重启
2026-10-01 00:07:56,274 - INFO - 合成语音 (第1/1次): 测试蓄水池失败文本
2026-10-01 00:07:56,279 - WARNING - TTS合成失败或文件为空/残缺 (第1次): TypeError: object MagicMock can't be used in 'await' expression
2026-10-01 00:07:56,279 - ERROR - TTS合成最终失败，已重试 1 次
2026-09-30 10:50:00,000 - ERROR - 播报看门狗：准点 10:30 播报未完成（最近成功播报 09-30 10:00，已间隔 3000s），疑似调度器/链路假死，准备通知并自重启
2026-09-30 10:50:00,000 - ERROR - 播报看门狗：准点 10:30 播报未完成（已间隔 4800s），最近 30 分钟内有 TTS 合成失败（疑似外部 TTS 服务异常），本轮只告警不重启，将持续监控
2026-09-30 22:45:00,000 - INFO - 看门狗：准点 22:30 在点名期间跳过，豁免
2026-09-30 10:50:00,000 - ERROR - 播报看门狗：准点 10:30 播报未完成（最近成功播报 09-30 10:00，已间隔 3000s），疑似调度器/链路假死，准备通知并自重启
2026-09-30 10:50:00,000 - ERROR - 播报看门狗：准点 10:30 播报未完成（最近成功播报 09-30 10:00，已间隔 3000s），疑似调度器/链路假死，准备通知并自重启
2026-10-01 00:08:17,143 - INFO - 合成语音 (第1/1次): 测试蓄水池失败文本
2026-10-01 00:08:17,148 - WARNING - TTS合成失败或文件为空/残缺 (第1次): TypeError: object MagicMock can't be used in 'await' expression
2026-10-01 00:08:17,148 - ERROR - TTS合成最终失败，已重试 1 次
2026-09-30 10:50:00,000 - ERROR - 播报看门狗：准点 10:30 播报未完成（最近成功播报 09-30 10:00，已间隔 3000s），疑似调度器/链路假死，准备通知并自重启
2026-09-30 10:50:00,000 - ERROR - 播报看门狗：准点 10:30 播报未完成（已间隔 4800s），最近 30 分钟内有 TTS 合成失败（疑似外部 TTS 服务异常），本轮只告警不重启，将持续监控
2026-09-30 22:45:00,000 - INFO - 看门狗：准点 22:30 在点名期间跳过，豁免
2026-09-30 10:50:00,000 - ERROR - 播报看门狗：准点 10:30 播报未完成（最近成功播报 09-30 10:00，已间隔 3000s），疑似调度器/链路假死，准备通知并自重启
2026-09-30 10:50:00,000 - ERROR - 播报看门狗：准点 10:30 播报未完成（最近成功播报 09-30 10:00，已间隔 3000s），疑似调度器/链路假死，准备通知并自重启
2026-10-01 00:09:04,131 - INFO - 合成语音 (第1/1次): 测试蓄水池失败文本
2026-10-01 00:09:04,136 - WARNING - TTS合成失败或文件为空/残缺 (第1次): TypeError: object MagicMock can't be used in 'await' expression
2026-10-01 00:09:04,136 - ERROR - TTS合成最终失败，已重试 1 次
2026-09-30 10:50:00,000 - ERROR - 播报看门狗：准点 10:30 播报未完成（最近成功播报 09-30 10:00，已间隔 3000s），疑似调度器/链路假死，准备通知并自重启
2026-09-30 10:50:00,000 - ERROR - 播报看门狗：准点 10:30 播报未完成（已间隔 4800s），最近 30 分钟内有 TTS 合成失败（疑似外部 TTS 服务异常），本轮只告警不重启，将持续监控
2026-09-30 22:45:00,000 - INFO - 看门狗：准点 22:30 在点名期间跳过，豁免
2026-09-30 10:50:00,000 - ERROR - 播报看门狗：准点 10:30 播报未完成（最近成功播报 09-30 10:00，已间隔 3000s），疑似调度器/链路假死，准备通知并自重启
2026-09-30 10:50:00,000 - ERROR - 播报看门狗：准点 10:30 播报未完成（最近成功播报 09-30 10:00，已间隔 3000s），疑似调度器/链路假死，准备通知并自重启
2026-10-01 00:17:51,401 - INFO - 合成语音 (第1/1次): 测试蓄水池失败文本
2026-10-01 00:17:51,407 - WARNING - TTS合成失败或文件为空/残缺 (第1次): TypeError: object MagicMock can't be used in 'await' expression
2026-10-01 00:17:51,407 - ERROR - TTS合成最终失败，已重试 1 次
2026-09-30 10:50:00,000 - ERROR - 播报看门狗：准点 10:30 播报未完成（最近成功播报 09-30 10:00，已间隔 3000s），疑似调度器/链路假死，准备通知并自重启
2026-09-30 10:50:00,000 - ERROR - 播报看门狗：准点 10:30 播报未完成（已间隔 4800s），最近 30 分钟内有 TTS 合成失败（疑似外部 TTS 服务异常），本轮只告警不重启，将持续监控
2026-09-30 22:45:00,000 - INFO - 看门狗：准点 22:30 在点名期间跳过，豁免
2026-09-30 10:50:00,000 - ERROR - 播报看门狗：准点 10:30 播报未完成（最近成功播报 09-30 10:00，已间隔 3000s），疑似调度器/链路假死，准备通知并自重启
2026-09-30 10:50:00,000 - ERROR - 播报看门狗：准点 10:30 播报未完成（最近成功播报 09-30 10:00，已间隔 3000s），疑似调度器/链路假死，准备通知并自重启
2026-09-30 10:50:00,000 - INFO - 看门狗：TTS 异常告警未到降频间隔（1800s）
2026-09-30 10:50:00,000 - ERROR - 播报看门狗：准点 10:30 播报未完成（最近成功播报 09-30 10:00，已间隔 3000s），疑似调度器/链路假死，准备通知并自重启
2026-10-01 00:18:49,244 - INFO - 合成语音 (第1/1次): 测试蓄水池失败文本
2026-10-01 00:18:49,249 - WARNING - TTS合成失败或文件为空/残缺 (第1次): TypeError: object MagicMock can't be used in 'await' expression
2026-10-01 00:18:49,249 - ERROR - TTS合成最终失败，已重试 1 次
2026-09-30 10:50:00,000 - ERROR - 播报看门狗：准点 10:30 播报未完成（最近成功播报 09-30 10:00，已间隔 3000s），疑似调度器/链路假死，准备通知并自重启
2026-09-30 10:50:00,000 - ERROR - 播报看门狗：准点 10:30 播报未完成（已间隔 4800s），最近 30 分钟内有 TTS 合成失败（疑似外部 TTS 服务异常），本轮只告警不重启，将持续监控
2026-09-30 22:45:00,000 - INFO - 看门狗：准点 22:30 在点名期间跳过，豁免
2026-09-30 10:50:00,000 - ERROR - 播报看门狗：准点 10:30 播报未完成（最近成功播报 09-30 10:00，已间隔 3000s），疑似调度器/链路假死，准备通知并自重启
2026-09-30 10:50:00,000 - ERROR - 播报看门狗：准点 10:30 播报未完成（最近成功播报 09-30 10:00，已间隔 3000s），疑似调度器/链路假死，准备通知并自重启
2026-09-30 10:50:00,000 - INFO - 看门狗：TTS 异常告警未到降频间隔（1800s）
2026-09-30 10:50:00,000 - ERROR - 播报看门狗：准点 10:30 播报未完成（最近成功播报 09-30 10:00，已间隔 3000s），疑似调度器/链路假死，准备通知并自重启
2026-09-30 10:50:00,000 - ERROR - 播报看门狗：准点 10:30 播报未完成（最近成功播报 09-30 10:00，已间隔 3000s），疑似调度器/链路假死，准备通知并自重启
2026-10-01 00:18:49,280 - WARNING - 恢复标记文件清除失败: perm
2026-10-01 00:18:49,307 - ERROR - 播报看门狗异常: bad cfg
2026-10-01 00:20:06,802 - INFO - 合成语音 (第1/1次): 测试蓄水池失败文本
2026-10-01 00:20:06,808 - WARNING - TTS合成失败或文件为空/残缺 (第1次): TypeError: object MagicMock can't be used in 'await' expression
2026-10-01 00:20:06,808 - ERROR - TTS合成最终失败，已重试 1 次
2026-09-30 10:50:00,000 - ERROR - 播报看门狗：准点 10:30 播报未完成（最近成功播报 09-30 10:00，已间隔 3000s），疑似调度器/链路假死，准备通知并自重启
2026-09-30 10:50:00,000 - ERROR - 播报看门狗：准点 10:30 播报未完成（已间隔 4800s），最近 30 分钟内有 TTS 合成失败（疑似外部 TTS 服务异常），本轮只告警不重启，将持续监控
2026-09-30 22:45:00,000 - INFO - 看门狗：准点 22:30 在点名期间跳过，豁免
2026-09-30 10:50:00,000 - ERROR - 播报看门狗：准点 10:30 播报未完成（最近成功播报 09-30 10:00，已间隔 3000s），疑似调度器/链路假死，准备通知并自重启
2026-09-30 10:50:00,000 - ERROR - 播报看门狗：准点 10:30 播报未完成（最近成功播报 09-30 10:00，已间隔 3000s），疑似调度器/链路假死，准备通知并自重启
2026-09-30 10:50:00,000 - INFO - 看门狗：TTS 异常告警未到降频间隔（1800s）
2026-09-30 10:50:00,000 - ERROR - 播报看门狗：准点 10:30 播报未完成（最近成功播报 09-30 10:00，已间隔 3000s），疑似调度器/链路假死，准备通知并自重启
2026-09-30 10:50:00,000 - INFO - 看门狗：业务仍异常，冷却中（约 70 分钟后重试自重启）
2026-09-30 10:50:00,000 - ERROR - 播报看门狗：准点 10:30 播报未完成（最近成功播报 09-30 10:00，已间隔 3000s），疑似调度器/链路假死，准备通知并自重启
2026-09-30 10:50:00,000 - ERROR - 看门狗：执行自重启（os.execv 替换进程）
2026-10-01 00:20:06,851 - WARNING - 恢复标记文件清除失败: perm
2026-10-01 00:20:06,879 - WARNING - 看门狗：未配置 notify.webhook_url，仅文件日志记录: test
2026-10-01 00:20:06,880 - ERROR - 看门狗通知发送失败: timeout
2026-10-01 00:20:06,880 - ERROR - 播报看门狗异常: bad cfg
2026-10-01 00:20:18,270 - INFO - 合成语音 (第1/1次): 测试蓄水池失败文本
2026-10-01 00:20:18,276 - WARNING - TTS合成失败或文件为空/残缺 (第1次): TypeError: object MagicMock can't be used in 'await' expression
2026-10-01 00:20:18,276 - ERROR - TTS合成最终失败，已重试 1 次
2026-09-30 10:50:00,000 - ERROR - 播报看门狗：准点 10:30 播报未完成（最近成功播报 09-30 10:00，已间隔 3000s），疑似调度器/链路假死，准备通知并自重启
2026-09-30 10:50:00,000 - ERROR - 播报看门狗：准点 10:30 播报未完成（已间隔 4800s），最近 30 分钟内有 TTS 合成失败（疑似外部 TTS 服务异常），本轮只告警不重启，将持续监控
2026-09-30 22:45:00,000 - INFO - 看门狗：准点 22:30 在点名期间跳过，豁免
2026-09-30 10:50:00,000 - ERROR - 播报看门狗：准点 10:30 播报未完成（最近成功播报 09-30 10:00，已间隔 3000s），疑似调度器/链路假死，准备通知并自重启
2026-09-30 10:50:00,000 - ERROR - 播报看门狗：准点 10:30 播报未完成（最近成功播报 09-30 10:00，已间隔 3000s），疑似调度器/链路假死，准备通知并自重启
2026-09-30 10:50:00,000 - INFO - 看门狗：TTS 异常告警未到降频间隔（1800s）
2026-09-30 10:50:00,000 - ERROR - 播报看门狗：准点 10:30 播报未完成（最近成功播报 09-30 10:00，已间隔 3000s），疑似调度器/链路假死，准备通知并自重启
2026-09-30 10:50:00,000 - INFO - 看门狗：业务仍异常，冷却中（约 70 分钟后重试自重启）
2026-09-30 10:50:00,000 - ERROR - 播报看门狗：准点 10:30 播报未完成（最近成功播报 09-30 10:00，已间隔 3000s），疑似调度器/链路假死，准备通知并自重启
2026-09-30 10:50:00,000 - ERROR - 看门狗：执行自重启（os.execv 替换进程）
2026-10-01 00:20:18,318 - WARNING - 恢复标记文件清除失败: perm
2026-10-01 00:20:18,349 - WARNING - 看门狗：未配置 notify.webhook_url，仅文件日志记录: test
2026-10-01 00:20:18,349 - ERROR - 看门狗通知发送失败: timeout
2026-10-01 00:20:18,349 - ERROR - 播报看门狗异常: bad cfg
2026-10-01 00:20:18,529 - INFO - 合成语音 (第1/1次): 测试蓄水池失败文本
2026-10-01 00:20:18,535 - WARNING - TTS合成失败或文件为空/残缺 (第1次): TypeError: object MagicMock can't be used in 'await' expression
2026-10-01 00:20:18,535 - ERROR - TTS合成最终失败，已重试 1 次
2026-09-30 10:50:00,000 - ERROR - 播报看门狗：准点 10:30 播报未完成（最近成功播报 09-30 10:00，已间隔 3000s），疑似调度器/链路假死，准备通知并自重启
2026-09-30 10:50:00,000 - ERROR - 播报看门狗：准点 10:30 播报未完成（已间隔 4800s），最近 30 分钟内有 TTS 合成失败（疑似外部 TTS 服务异常），本轮只告警不重启，将持续监控
2026-09-30 22:45:00,000 - INFO - 看门狗：准点 22:30 在点名期间跳过，豁免
2026-09-30 10:50:00,000 - ERROR - 播报看门狗：准点 10:30 播报未完成（最近成功播报 09-30 10:00，已间隔 3000s），疑似调度器/链路假死，准备通知并自重启
2026-09-30 10:50:00,000 - ERROR - 播报看门狗：准点 10:30 播报未完成（最近成功播报 09-30 10:00，已间隔 3000s），疑似调度器/链路假死，准备通知并自重启
2026-09-30 10:50:00,000 - INFO - 看门狗：TTS 异常告警未到降频间隔（1800s）
2026-09-30 10:50:00,000 - ERROR - 播报看门狗：准点 10:30 播报未完成（最近成功播报 09-30 10:00，已间隔 3000s），疑似调度器/链路假死，准备通知并自重启
2026-09-30 10:50:00,000 - INFO - 看门狗：业务仍异常，冷却中（约 70 分钟后重试自重启）
2026-09-30 10:50:00,000 - ERROR - 播报看门狗：准点 10:30 播报未完成（最近成功播报 09-30 10:00，已间隔 3000s），疑似调度器/链路假死，准备通知并自重启
2026-09-30 10:50:00,000 - ERROR - 看门狗：执行自重启（os.execv 替换进程）
2026-10-01 00:20:18,578 - WARNING - 恢复标记文件清除失败: perm
2026-10-01 00:20:18,607 - WARNING - 看门狗：未配置 notify.webhook_url，仅文件日志记录: test
2026-10-01 00:20:18,607 - ERROR - 看门狗通知发送失败: timeout
2026-10-01 00:20:18,608 - ERROR - 播报看门狗异常: bad cfg
2026-10-01 00:35:51,644 - INFO - 合成语音 (第1/1次): 测试蓄水池失败文本
2026-10-01 00:35:51,648 - WARNING - TTS合成失败或文件为空/残缺 (第1次): TypeError: object MagicMock can't be used in 'await' expression
2026-10-01 00:35:51,648 - ERROR - TTS合成最终失败，已重试 1 次
2026-09-30 10:50:00,000 - ERROR - 播报看门狗：准点 10:30 播报未完成（最近成功播报 09-30 10:00，已间隔 3000s），疑似调度器/链路假死，准备通知并自重启
2026-09-30 10:50:00,000 - ERROR - 播报看门狗：准点 10:30 播报未完成（已间隔 4800s），最近 30 分钟内有 TTS 合成失败（疑似外部 TTS 服务异常），本轮只告警不重启，将持续监控
2026-09-30 22:45:00,000 - INFO - 看门狗：准点 22:30 在点名期间跳过，豁免
2026-09-30 10:50:00,000 - ERROR - 播报看门狗：准点 10:30 播报未完成（最近成功播报 09-30 10:00，已间隔 3000s），疑似调度器/链路假死，准备通知并自重启
2026-09-30 10:50:00,000 - ERROR - 播报看门狗：准点 10:30 播报未完成（最近成功播报 09-30 10:00，已间隔 3000s），疑似调度器/链路假死，准备通知并自重启
2026-09-30 10:50:00,000 - INFO - 看门狗：TTS 异常告警未到降频间隔（1800s）
2026-09-30 10:50:00,000 - ERROR - 播报看门狗：准点 10:30 播报未完成（最近成功播报 09-30 10:00，已间隔 3000s），疑似调度器/链路假死，准备通知并自重启
2026-09-30 10:50:00,000 - INFO - 看门狗：业务仍异常，冷却中（约 70 分钟后重试自重启）
2026-09-30 10:50:00,000 - ERROR - 播报看门狗：准点 10:30 播报未完成（最近成功播报 09-30 10:00，已间隔 3000s），疑似调度器/链路假死，准备通知并自重启
2026-09-30 10:50:00,000 - ERROR - 看门狗：执行自重启（os.execv 替换进程）
2026-10-01 00:35:51,679 - WARNING - 恢复标记文件清除失败: perm
2026-10-01 00:35:51,701 - WARNING - 看门狗：未配置 notify.webhook_url，仅文件日志记录: test
2026-10-01 00:35:51,702 - ERROR - 看门狗通知发送失败: timeout
2026-10-01 00:35:51,702 - ERROR - 播报看门狗异常: bad cfg
2026-10-01 08:28:00,184 - INFO - 合成语音 (第1/1次): 测试蓄水池失败文本
2026-10-01 08:28:00,187 - WARNING - TTS合成失败或文件为空/残缺 (第1次): TypeError: object MagicMock can't be used in 'await' expression
2026-10-01 08:28:00,187 - ERROR - TTS合成最终失败，已重试 1 次
2026-09-30 10:50:00,000 - ERROR - 播报看门狗：准点 10:30 播报未完成（最近成功播报 09-30 10:00，已间隔 3000s），疑似调度器/链路假死，准备通知并自重启
2026-09-30 10:50:00,000 - ERROR - 播报看门狗：准点 10:30 播报未完成（已间隔 4800s），最近 30 分钟内有 TTS 合成失败（疑似外部 TTS 服务异常），本轮只告警不重启，将持续监控
2026-09-30 22:45:00,000 - INFO - 看门狗：准点 22:30 在点名期间跳过，豁免
2026-09-30 10:50:00,000 - ERROR - 播报看门狗：准点 10:30 播报未完成（最近成功播报 09-30 10:00，已间隔 3000s），疑似调度器/链路假死，准备通知并自重启
2026-09-30 10:50:00,000 - ERROR - 播报看门狗：准点 10:30 播报未完成（最近成功播报 09-30 10:00，已间隔 3000s），疑似调度器/链路假死，准备通知并自重启
2026-09-30 10:50:00,000 - INFO - 看门狗：TTS 异常告警未到降频间隔（1800s）
2026-09-30 10:50:00,000 - ERROR - 播报看门狗：准点 10:30 播报未完成（最近成功播报 09-30 10:00，已间隔 3000s），疑似调度器/链路假死，准备通知并自重启
2026-09-30 10:50:00,000 - INFO - 看门狗：业务仍异常，冷却中（约 70 分钟后重试自重启）
2026-09-30 10:50:00,000 - ERROR - 播报看门狗：准点 10:30 播报未完成（最近成功播报 09-30 10:00，已间隔 3000s），疑似调度器/链路假死，准备通知并自重启
2026-09-30 10:50:00,000 - ERROR - 看门狗：执行自重启（os.execv 替换进程）
2026-10-01 08:28:00,207 - WARNING - 恢复标记文件清除失败: perm
2026-10-01 08:28:00,221 - WARNING - 看门狗：未配置 notify.webhook_url，仅文件日志记录: test
2026-10-01 08:28:00,221 - ERROR - 看门狗通知发送失败: timeout
2026-10-01 08:28:00,221 - ERROR - 播报看门狗异常: bad cfg
2026-10-01 08:41:07,397 - INFO - 合成语音 (第1/1次): 测试蓄水池失败文本
2026-10-01 08:41:07,399 - WARNING - TTS合成失败或文件为空/残缺 (第1次): TypeError: object MagicMock can't be used in 'await' expression
2026-10-01 08:41:07,399 - ERROR - TTS合成最终失败，已重试 1 次
2026-09-30 10:50:00,000 - ERROR - 播报看门狗：准点 10:30 播报未完成（最近成功播报 09-30 10:00，已间隔 3000s），疑似调度器/链路假死，准备通知并自重启
2026-09-30 10:50:00,000 - ERROR - 播报看门狗：准点 10:30 播报未完成（已间隔 4800s），最近 30 分钟内有 TTS 合成失败（疑似外部 TTS 服务异常），本轮只告警不重启，将持续监控
2026-09-30 22:45:00,000 - INFO - 看门狗：准点 22:30 在点名期间跳过，豁免
2026-09-30 10:50:00,000 - ERROR - 播报看门狗：准点 10:30 播报未完成（最近成功播报 09-30 10:00，已间隔 3000s），疑似调度器/链路假死，准备通知并自重启
2026-09-30 10:50:00,000 - ERROR - 播报看门狗：准点 10:30 播报未完成（最近成功播报 09-30 10:00，已间隔 3000s），疑似调度器/链路假死，准备通知并自重启
2026-09-30 10:50:00,000 - INFO - 看门狗：TTS 异常告警未到降频间隔（1800s）
2026-09-30 10:50:00,000 - ERROR - 播报看门狗：准点 10:30 播报未完成（最近成功播报 09-30 10:00，已间隔 3000s），疑似调度器/链路假死，准备通知并自重启
2026-09-30 10:50:00,000 - INFO - 看门狗：业务仍异常，冷却中（约 70 分钟后重试自重启）
2026-09-30 10:50:00,000 - ERROR - 播报看门狗：准点 10:30 播报未完成（最近成功播报 09-30 10:00，已间隔 3000s），疑似调度器/链路假死，准备通知并自重启
2026-09-30 10:50:00,000 - ERROR - 看门狗：执行自重启（os.execv 替换进程）
2026-10-01 08:41:07,421 - WARNING - 恢复标记文件清除失败: perm
2026-10-01 08:41:07,434 - WARNING - 看门狗：未配置 notify.webhook_url，仅文件日志记录: test
2026-10-01 08:41:07,434 - ERROR - 看门狗通知发送失败: timeout
2026-10-01 08:41:07,434 - ERROR - 播报看门狗异常: bad cfg
